PHP Fatal error:  Uncaught ReflectionException: Class "config" does not exist in /var/www/tic-chat/vendor/laravel/framework/src/Illuminate/Container/Container.php:912
Stack trace:
#0 /var/www/tic-chat/vendor/laravel/framework/src/Illuminate/Container/Container.php(912): ReflectionClass->__construct()
#1 /var/www/tic-chat/vendor/laravel/framework/src/Illuminate/Container/Container.php(795): Illuminate\Container\Container->build()
#2 /var/www/tic-chat/vendor/laravel/framework/src/Illuminate/Foundation/Application.php(937): Illuminate\Container\Container->resolve()
#3 /var/www/tic-chat/vendor/laravel/framework/src/Illuminate/Container/Container.php(731): Illuminate\Foundation\Application->resolve()
#4 /var/www/tic-chat/vendor/laravel/framework/src/Illuminate/Foundation/Application.php(922): Illuminate\Container\Container->make()
#5 /var/www/tic-chat/vendor/laravel/framework/src/Illuminate/Container/Container.php(1454): Illuminate\Foundation\Application->make()
#6 /var/www/tic-chat/vendor/laravel/framework/src/Illuminate/Log/LogManager.php(544): Illuminate\Container\Container->offsetGet()
#7 /var/www/tic-chat/vendor/laravel/framework/src/Illuminate/Log/LogManager.php(595): Illuminate\Log\LogManager->getDefaultDriver()
#8 /var/www/tic-chat/vendor/laravel/framework/src/Illuminate/Log/LogManager.php(124): Illuminate\Log\LogManager->parseDriver()
#9 /var/www/tic-chat/vendor/laravel/framework/src/Illuminate/Log/LogManager.php(665): Illuminate\Log\LogManager->driver()
#10 /var/www/tic-chat/vendor/laravel/framework/src/Illuminate/Foundation/Exceptions/Handler.php(287): Illuminate\Log\LogManager->error()
#11 /var/www/tic-chat/vendor/laravel/framework/src/Illuminate/Foundation/Exceptions/Handler.php(250): Illuminate\Foundation\Exceptions\Handler->reportThrowable()
#12 /var/www/tic-chat/vendor/laravel/framework/src/Illuminate/Foundation/Console/Kernel.php(523): Illuminate\Foundation\Exceptions\Handler->report()
#13 /var/www/tic-chat/vendor/laravel/framework/src/Illuminate/Foundation/Console/Kernel.php(203): Illuminate\Foundation\Console\Kernel->reportException()
#14 /var/www/tic-chat/artisan(37): Illuminate\Foundation\Console\Kernel->handle()
#15 {main}

Next Illuminate\Contracts\Container\BindingResolutionException: Target class [config] does not exist. in /var/www/tic-chat/vendor/laravel/framework/src/Illuminate/Container/Container.php:914
Stack trace:
#0 /var/www/tic-chat/vendor/laravel/framework/src/Illuminate/Container/Container.php(795): Illuminate\Container\Container->build()
#1 /var/www/tic-chat/vendor/laravel/framework/src/Illuminate/Foundation/Application.php(937): Illuminate\Container\Container->resolve()
#2 /var/www/tic-chat/vendor/laravel/framework/src/Illuminate/Container/Container.php(731): Illuminate\Foundation\Application->resolve()
#3 /var/www/tic-chat/vendor/laravel/framework/src/Illuminate/Foundation/Application.php(922): Illuminate\Container\Container->make()
#4 /var/www/tic-chat/vendor/laravel/framework/src/Illuminate/Container/Container.php(1454): Illuminate\Foundation\Application->make()
#5 /var/www/tic-chat/vendor/laravel/framework/src/Illuminate/Log/LogManager.php(544): Illuminate\Container\Container->offsetGet()
#6 /var/www/tic-chat/vendor/laravel/framework/src/Illuminate/Log/LogManager.php(595): Illuminate\Log\LogManager->getDefaultDriver()
#7 /var/www/tic-chat/vendor/laravel/framework/src/Illuminate/Log/LogManager.php(124): Illuminate\Log\LogManager->parseDriver()
#8 /var/www/tic-chat/vendor/laravel/framework/src/Illuminate/Log/LogManager.php(665): Illuminate\Log\LogManager->driver()
#9 /var/www/tic-chat/vendor/laravel/framework/src/Illuminate/Foundation/Exceptions/Handler.php(287): Illuminate\Log\LogManager->error()
#10 /var/www/tic-chat/vendor/laravel/framework/src/Illuminate/Foundation/Exceptions/Handler.php(250): Illuminate\Foundation\Exceptions\Handler->reportThrowable()
#11 /var/www/tic-chat/vendor/laravel/framework/src/Illuminate/Foundation/Console/Kernel.php(523): Illuminate\Foundation\Exceptions\Handler->report()
#12 /var/www/tic-chat/vendor/laravel/framework/src/Illuminate/Foundation/Console/Kernel.php(203): Illuminate\Foundation\Console\Kernel->reportException()
#13 /var/www/tic-chat/artisan(37): Illuminate\Foundation\Console\Kernel->handle()
#14 {main}
  thrown in /var/www/tic-chat/vendor/laravel/framework/src/Illuminate/Container/Container.php on line 914
PHP Fatal error:  Uncaught ReflectionException: Class "config" does not exist in /var/www/tic-chat/vendor/laravel/framework/src/Illuminate/Container/Container.php:912
Stack trace:
#0 /var/www/tic-chat/vendor/laravel/framework/src/Illuminate/Container/Container.php(912): ReflectionClass->__construct()
#1 /var/www/tic-chat/vendor/laravel/framework/src/Illuminate/Container/Container.php(795): Illuminate\Container\Container->build()
#2 /var/www/tic-chat/vendor/laravel/framework/src/Illuminate/Foundation/Application.php(937): Illuminate\Container\Container->resolve()
#3 /var/www/tic-chat/vendor/laravel/framework/src/Illuminate/Container/Container.php(731): Illuminate\Foundation\Application->resolve()
#4 /var/www/tic-chat/vendor/laravel/framework/src/Illuminate/Foundation/Application.php(922): Illuminate\Container\Container->make()
#5 /var/www/tic-chat/vendor/laravel/framework/src/Illuminate/Container/Container.php(1454): Illuminate\Foundation\Application->make()
#6 /var/www/tic-chat/vendor/laravel/framework/src/Illuminate/Log/LogManager.php(544): Illuminate\Container\Container->offsetGet()
#7 /var/www/tic-chat/vendor/laravel/framework/src/Illuminate/Log/LogManager.php(595): Illuminate\Log\LogManager->getDefaultDriver()
#8 /var/www/tic-chat/vendor/laravel/framework/src/Illuminate/Log/LogManager.php(124): Illuminate\Log\LogManager->parseDriver()
#9 /var/www/tic-chat/vendor/laravel/framework/src/Illuminate/Log/LogManager.php(665): Illuminate\Log\LogManager->driver()
#10 /var/www/tic-chat/vendor/laravel/framework/src/Illuminate/Foundation/Exceptions/Handler.php(287): Illuminate\Log\LogManager->error()
#11 /var/www/tic-chat/vendor/laravel/framework/src/Illuminate/Foundation/Exceptions/Handler.php(250): Illuminate\Foundation\Exceptions\Handler->reportThrowable()
#12 /var/www/tic-chat/vendor/laravel/framework/src/Illuminate/Foundation/Console/Kernel.php(523): Illuminate\Foundation\Exceptions\Handler->report()
#13 /var/www/tic-chat/vendor/laravel/framework/src/Illuminate/Foundation/Console/Kernel.php(203): Illuminate\Foundation\Console\Kernel->reportException()
#14 /var/www/tic-chat/artisan(37): Illuminate\Foundation\Console\Kernel->handle()
#15 {main}

Next Illuminate\Contracts\Container\BindingResolutionException: Target class [config] does not exist. in /var/www/tic-chat/vendor/laravel/framework/src/Illuminate/Container/Container.php:914
Stack trace:
#0 /var/www/tic-chat/vendor/laravel/framework/src/Illuminate/Container/Container.php(795): Illuminate\Container\Container->build()
#1 /var/www/tic-chat/vendor/laravel/framework/src/Illuminate/Foundation/Application.php(937): Illuminate\Container\Container->resolve()
#2 /var/www/tic-chat/vendor/laravel/framework/src/Illuminate/Container/Container.php(731): Illuminate\Foundation\Application->resolve()
#3 /var/www/tic-chat/vendor/laravel/framework/src/Illuminate/Foundation/Application.php(922): Illuminate\Container\Container->make()
#4 /var/www/tic-chat/vendor/laravel/framework/src/Illuminate/Container/Container.php(1454): Illuminate\Foundation\Application->make()
#5 /var/www/tic-chat/vendor/laravel/framework/src/Illuminate/Log/LogManager.php(544): Illuminate\Container\Container->offsetGet()
#6 /var/www/tic-chat/vendor/laravel/framework/src/Illuminate/Log/LogManager.php(595): Illuminate\Log\LogManager->getDefaultDriver()
#7 /var/www/tic-chat/vendor/laravel/framework/src/Illuminate/Log/LogManager.php(124): Illuminate\Log\LogManager->parseDriver()
#8 /var/www/tic-chat/vendor/laravel/framework/src/Illuminate/Log/LogManager.php(665): Illuminate\Log\LogManager->driver()
#9 /var/www/tic-chat/vendor/laravel/framework/src/Illuminate/Foundation/Exceptions/Handler.php(287): Illuminate\Log\LogManager->error()
#10 /var/www/tic-chat/vendor/laravel/framework/src/Illuminate/Foundation/Exceptions/Handler.php(250): Illuminate\Foundation\Exceptions\Handler->reportThrowable()
#11 /var/www/tic-chat/vendor/laravel/framework/src/Illuminate/Foundation/Console/Kernel.php(523): Illuminate\Foundation\Exceptions\Handler->report()
#12 /var/www/tic-chat/vendor/laravel/framework/src/Illuminate/Foundation/Console/Kernel.php(203): Illuminate\Foundation\Console\Kernel->reportException()
#13 /var/www/tic-chat/artisan(37): Illuminate\Foundation\Console\Kernel->handle()
#14 {main}
  thrown in /var/www/tic-chat/vendor/laravel/framework/src/Illuminate/Container/Container.php on line 914
PHP Fatal error:  Uncaught ReflectionException: Class "config" does not exist in /var/www/tic-chat/vendor/laravel/framework/src/Illuminate/Container/Container.php:912
Stack trace:
#0 /var/www/tic-chat/vendor/laravel/framework/src/Illuminate/Container/Container.php(912): ReflectionClass->__construct()
#1 /var/www/tic-chat/vendor/laravel/framework/src/Illuminate/Container/Container.php(795): Illuminate\Container\Container->build()
#2 /var/www/tic-chat/vendor/laravel/framework/src/Illuminate/Foundation/Application.php(937): Illuminate\Container\Container->resolve()
#3 /var/www/tic-chat/vendor/laravel/framework/src/Illuminate/Container/Container.php(731): Illuminate\Foundation\Application->resolve()
#4 /var/www/tic-chat/vendor/laravel/framework/src/Illuminate/Foundation/Application.php(922): Illuminate\Container\Container->make()
#5 /var/www/tic-chat/vendor/laravel/framework/src/Illuminate/Container/Container.php(1454): Illuminate\Foundation\Application->make()
#6 /var/www/tic-chat/vendor/laravel/framework/src/Illuminate/Log/LogManager.php(544): Illuminate\Container\Container->offsetGet()
#7 /var/www/tic-chat/vendor/laravel/framework/src/Illuminate/Log/LogManager.php(595): Illuminate\Log\LogManager->getDefaultDriver()
#8 /var/www/tic-chat/vendor/laravel/framework/src/Illuminate/Log/LogManager.php(124): Illuminate\Log\LogManager->parseDriver()
#9 /var/www/tic-chat/vendor/laravel/framework/src/Illuminate/Log/LogManager.php(665): Illuminate\Log\LogManager->driver()
#10 /var/www/tic-chat/vendor/laravel/framework/src/Illuminate/Foundation/Exceptions/Handler.php(287): Illuminate\Log\LogManager->error()
#11 /var/www/tic-chat/vendor/laravel/framework/src/Illuminate/Foundation/Exceptions/Handler.php(250): Illuminate\Foundation\Exceptions\Handler->reportThrowable()
#12 /var/www/tic-chat/vendor/laravel/framework/src/Illuminate/Foundation/Console/Kernel.php(523): Illuminate\Foundation\Exceptions\Handler->report()
#13 /var/www/tic-chat/vendor/laravel/framework/src/Illuminate/Foundation/Console/Kernel.php(203): Illuminate\Foundation\Console\Kernel->reportException()
#14 /var/www/tic-chat/artisan(37): Illuminate\Foundation\Console\Kernel->handle()
#15 {main}

Next Illuminate\Contracts\Container\BindingResolutionException: Target class [config] does not exist. in /var/www/tic-chat/vendor/laravel/framework/src/Illuminate/Container/Container.php:914
Stack trace:
#0 /var/www/tic-chat/vendor/laravel/framework/src/Illuminate/Container/Container.php(795): Illuminate\Container\Container->build()
#1 /var/www/tic-chat/vendor/laravel/framework/src/Illuminate/Foundation/Application.php(937): Illuminate\Container\Container->resolve()
#2 /var/www/tic-chat/vendor/laravel/framework/src/Illuminate/Container/Container.php(731): Illuminate\Foundation\Application->resolve()
#3 /var/www/tic-chat/vendor/laravel/framework/src/Illuminate/Foundation/Application.php(922): Illuminate\Container\Container->make()
#4 /var/www/tic-chat/vendor/laravel/framework/src/Illuminate/Container/Container.php(1454): Illuminate\Foundation\Application->make()
#5 /var/www/tic-chat/vendor/laravel/framework/src/Illuminate/Log/LogManager.php(544): Illuminate\Container\Container->offsetGet()
#6 /var/www/tic-chat/vendor/laravel/framework/src/Illuminate/Log/LogManager.php(595): Illuminate\Log\LogManager->getDefaultDriver()
#7 /var/www/tic-chat/vendor/laravel/framework/src/Illuminate/Log/LogManager.php(124): Illuminate\Log\LogManager->parseDriver()
#8 /var/www/tic-chat/vendor/laravel/framework/src/Illuminate/Log/LogManager.php(665): Illuminate\Log\LogManager->driver()
#9 /var/www/tic-chat/vendor/laravel/framework/src/Illuminate/Foundation/Exceptions/Handler.php(287): Illuminate\Log\LogManager->error()
#10 /var/www/tic-chat/vendor/laravel/framework/src/Illuminate/Foundation/Exceptions/Handler.php(250): Illuminate\Foundation\Exceptions\Handler->reportThrowable()
#11 /var/www/tic-chat/vendor/laravel/framework/src/Illuminate/Foundation/Console/Kernel.php(523): Illuminate\Foundation\Exceptions\Handler->report()
#12 /var/www/tic-chat/vendor/laravel/framework/src/Illuminate/Foundation/Console/Kernel.php(203): Illuminate\Foundation\Console\Kernel->reportException()
#13 /var/www/tic-chat/artisan(37): Illuminate\Foundation\Console\Kernel->handle()
#14 {main}
  thrown in /var/www/tic-chat/vendor/laravel/framework/src/Illuminate/Container/Container.php on line 914
PHP Fatal error:  Uncaught ReflectionException: Class "config" does not exist in /var/www/tic-chat/vendor/laravel/framework/src/Illuminate/Container/Container.php:912
Stack trace:
#0 /var/www/tic-chat/vendor/laravel/framework/src/Illuminate/Container/Container.php(912): ReflectionClass->__construct()
#1 /var/www/tic-chat/vendor/laravel/framework/src/Illuminate/Container/Container.php(795): Illuminate\Container\Container->build()
#2 /var/www/tic-chat/vendor/laravel/framework/src/Illuminate/Foundation/Application.php(937): Illuminate\Container\Container->resolve()
#3 /var/www/tic-chat/vendor/laravel/framework/src/Illuminate/Container/Container.php(731): Illuminate\Foundation\Application->resolve()
#4 /var/www/tic-chat/vendor/laravel/framework/src/Illuminate/Foundation/Application.php(922): Illuminate\Container\Container->make()
#5 /var/www/tic-chat/vendor/laravel/framework/src/Illuminate/Container/Container.php(1454): Illuminate\Foundation\Application->make()
#6 /var/www/tic-chat/vendor/laravel/framework/src/Illuminate/Log/LogManager.php(544): Illuminate\Container\Container->offsetGet()
#7 /var/www/tic-chat/vendor/laravel/framework/src/Illuminate/Log/LogManager.php(595): Illuminate\Log\LogManager->getDefaultDriver()
#8 /var/www/tic-chat/vendor/laravel/framework/src/Illuminate/Log/LogManager.php(124): Illuminate\Log\LogManager->parseDriver()
#9 /var/www/tic-chat/vendor/laravel/framework/src/Illuminate/Log/LogManager.php(665): Illuminate\Log\LogManager->driver()
#10 /var/www/tic-chat/vendor/laravel/framework/src/Illuminate/Foundation/Exceptions/Handler.php(287): Illuminate\Log\LogManager->error()
#11 /var/www/tic-chat/vendor/laravel/framework/src/Illuminate/Foundation/Exceptions/Handler.php(250): Illuminate\Foundation\Exceptions\Handler->reportThrowable()
#12 /var/www/tic-chat/vendor/laravel/framework/src/Illuminate/Foundation/Console/Kernel.php(523): Illuminate\Foundation\Exceptions\Handler->report()
#13 /var/www/tic-chat/vendor/laravel/framework/src/Illuminate/Foundation/Console/Kernel.php(203): Illuminate\Foundation\Console\Kernel->reportException()
#14 /var/www/tic-chat/artisan(37): Illuminate\Foundation\Console\Kernel->handle()
#15 {main}

Next Illuminate\Contracts\Container\BindingResolutionException: Target class [config] does not exist. in /var/www/tic-chat/vendor/laravel/framework/src/Illuminate/Container/Container.php:914
Stack trace:
#0 /var/www/tic-chat/vendor/laravel/framework/src/Illuminate/Container/Container.php(795): Illuminate\Container\Container->build()
#1 /var/www/tic-chat/vendor/laravel/framework/src/Illuminate/Foundation/Application.php(937): Illuminate\Container\Container->resolve()
#2 /var/www/tic-chat/vendor/laravel/framework/src/Illuminate/Container/Container.php(731): Illuminate\Foundation\Application->resolve()
#3 /var/www/tic-chat/vendor/laravel/framework/src/Illuminate/Foundation/Application.php(922): Illuminate\Container\Container->make()
#4 /var/www/tic-chat/vendor/laravel/framework/src/Illuminate/Container/Container.php(1454): Illuminate\Foundation\Application->make()
#5 /var/www/tic-chat/vendor/laravel/framework/src/Illuminate/Log/LogManager.php(544): Illuminate\Container\Container->offsetGet()
#6 /var/www/tic-chat/vendor/laravel/framework/src/Illuminate/Log/LogManager.php(595): Illuminate\Log\LogManager->getDefaultDriver()
#7 /var/www/tic-chat/vendor/laravel/framework/src/Illuminate/Log/LogManager.php(124): Illuminate\Log\LogManager->parseDriver()
#8 /var/www/tic-chat/vendor/laravel/framework/src/Illuminate/Log/LogManager.php(665): Illuminate\Log\LogManager->driver()
#9 /var/www/tic-chat/vendor/laravel/framework/src/Illuminate/Foundation/Exceptions/Handler.php(287): Illuminate\Log\LogManager->error()
#10 /var/www/tic-chat/vendor/laravel/framework/src/Illuminate/Foundation/Exceptions/Handler.php(250): Illuminate\Foundation\Exceptions\Handler->reportThrowable()
#11 /var/www/tic-chat/vendor/laravel/framework/src/Illuminate/Foundation/Console/Kernel.php(523): Illuminate\Foundation\Exceptions\Handler->report()
#12 /var/www/tic-chat/vendor/laravel/framework/src/Illuminate/Foundation/Console/Kernel.php(203): Illuminate\Foundation\Console\Kernel->reportException()
#13 /var/www/tic-chat/artisan(37): Illuminate\Foundation\Console\Kernel->handle()
#14 {main}
  thrown in /var/www/tic-chat/vendor/laravel/framework/src/Illuminate/Container/Container.php on line 914
PHP Fatal error:  Uncaught ReflectionException: Class "config" does not exist in /var/www/tic-chat/vendor/laravel/framework/src/Illuminate/Container/Container.php:912
Stack trace:
#0 /var/www/tic-chat/vendor/laravel/framework/src/Illuminate/Container/Container.php(912): ReflectionClass->__construct()
#1 /var/www/tic-chat/vendor/laravel/framework/src/Illuminate/Container/Container.php(795): Illuminate\Container\Container->build()
#2 /var/www/tic-chat/vendor/laravel/framework/src/Illuminate/Foundation/Application.php(937): Illuminate\Container\Container->resolve()
#3 /var/www/tic-chat/vendor/laravel/framework/src/Illuminate/Container/Container.php(731): Illuminate\Foundation\Application->resolve()
#4 /var/www/tic-chat/vendor/laravel/framework/src/Illuminate/Foundation/Application.php(922): Illuminate\Container\Container->make()
#5 /var/www/tic-chat/vendor/laravel/framework/src/Illuminate/Container/Container.php(1454): Illuminate\Foundation\Application->make()
#6 /var/www/tic-chat/vendor/laravel/framework/src/Illuminate/Log/LogManager.php(544): Illuminate\Container\Container->offsetGet()
#7 /var/www/tic-chat/vendor/laravel/framework/src/Illuminate/Log/LogManager.php(595): Illuminate\Log\LogManager->getDefaultDriver()
#8 /var/www/tic-chat/vendor/laravel/framework/src/Illuminate/Log/LogManager.php(124): Illuminate\Log\LogManager->parseDriver()
#9 /var/www/tic-chat/vendor/laravel/framework/src/Illuminate/Log/LogManager.php(665): Illuminate\Log\LogManager->driver()
#10 /var/www/tic-chat/vendor/laravel/framework/src/Illuminate/Foundation/Exceptions/Handler.php(287): Illuminate\Log\LogManager->error()
#11 /var/www/tic-chat/vendor/laravel/framework/src/Illuminate/Foundation/Exceptions/Handler.php(250): Illuminate\Foundation\Exceptions\Handler->reportThrowable()
#12 /var/www/tic-chat/vendor/laravel/framework/src/Illuminate/Foundation/Console/Kernel.php(523): Illuminate\Foundation\Exceptions\Handler->report()
#13 /var/www/tic-chat/vendor/laravel/framework/src/Illuminate/Foundation/Console/Kernel.php(203): Illuminate\Foundation\Console\Kernel->reportException()
#14 /var/www/tic-chat/artisan(37): Illuminate\Foundation\Console\Kernel->handle()
#15 {main}

Next Illuminate\Contracts\Container\BindingResolutionException: Target class [config] does not exist. in /var/www/tic-chat/vendor/laravel/framework/src/Illuminate/Container/Container.php:914
Stack trace:
#0 /var/www/tic-chat/vendor/laravel/framework/src/Illuminate/Container/Container.php(795): Illuminate\Container\Container->build()
#1 /var/www/tic-chat/vendor/laravel/framework/src/Illuminate/Foundation/Application.php(937): Illuminate\Container\Container->resolve()
#2 /var/www/tic-chat/vendor/laravel/framework/src/Illuminate/Container/Container.php(731): Illuminate\Foundation\Application->resolve()
#3 /var/www/tic-chat/vendor/laravel/framework/src/Illuminate/Foundation/Application.php(922): Illuminate\Container\Container->make()
#4 /var/www/tic-chat/vendor/laravel/framework/src/Illuminate/Container/Container.php(1454): Illuminate\Foundation\Application->make()
#5 /var/www/tic-chat/vendor/laravel/framework/src/Illuminate/Log/LogManager.php(544): Illuminate\Container\Container->offsetGet()
#6 /var/www/tic-chat/vendor/laravel/framework/src/Illuminate/Log/LogManager.php(595): Illuminate\Log\LogManager->getDefaultDriver()
#7 /var/www/tic-chat/vendor/laravel/framework/src/Illuminate/Log/LogManager.php(124): Illuminate\Log\LogManager->parseDriver()
#8 /var/www/tic-chat/vendor/laravel/framework/src/Illuminate/Log/LogManager.php(665): Illuminate\Log\LogManager->driver()
#9 /var/www/tic-chat/vendor/laravel/framework/src/Illuminate/Foundation/Exceptions/Handler.php(287): Illuminate\Log\LogManager->error()
#10 /var/www/tic-chat/vendor/laravel/framework/src/Illuminate/Foundation/Exceptions/Handler.php(250): Illuminate\Foundation\Exceptions\Handler->reportThrowable()
#11 /var/www/tic-chat/vendor/laravel/framework/src/Illuminate/Foundation/Console/Kernel.php(523): Illuminate\Foundation\Exceptions\Handler->report()
#12 /var/www/tic-chat/vendor/laravel/framework/src/Illuminate/Foundation/Console/Kernel.php(203): Illuminate\Foundation\Console\Kernel->reportException()
#13 /var/www/tic-chat/artisan(37): Illuminate\Foundation\Console\Kernel->handle()
#14 {main}
  thrown in /var/www/tic-chat/vendor/laravel/framework/src/Illuminate/Container/Container.php on line 914
