PHP Fatal error:  Uncaught ReflectionException: Class "config" does not exist in /var/www/tic-chat/vendor/laravel/framework/src/Illuminate/Container/Container.php:912
Stack trace:
#0 /var/www/tic-chat/vendor/laravel/framework/src/Illuminate/Container/Container.php(912): ReflectionClass->__construct()
#1 /var/www/tic-chat/vendor/laravel/framework/src/Illuminate/Container/Container.php(795): Illuminate\Container\Container->build()
#2 /var/www/tic-chat/vendor/laravel/framework/src/Illuminate/Foundation/Application.php(937): Illuminate\Container\Container->resolve()
#3 /var/www/tic-chat/vendor/laravel/framework/src/Illuminate/Container/Container.php(731): Illuminate\Foundation\Application->resolve()
#4 /var/www/tic-chat/vendor/laravel/framework/src/Illuminate/Foundation/Application.php(922): Illuminate\Container\Container->make()
#5 /var/www/tic-chat/vendor/laravel/framework/src/Illuminate/Container/Container.php(1454): Illuminate\Foundation\Application->make()
#6 /var/www/tic-chat/vendor/laravel/framework/src/Illuminate/Log/LogManager.php(544): Illuminate\Container\Container->offsetGet()
#7 /var/www/tic-chat/vendor/laravel/framework/src/Illuminate/Log/LogManager.php(595): Illuminate\Log\LogManager->getDefaultDriver()
#8 /var/www/tic-chat/vendor/laravel/framework/src/Illuminate/Log/LogManager.php(124): Illuminate\Log\LogManager->parseDriver()
#9 /var/www/tic-chat/vendor/laravel/framework/src/Illuminate/Log/LogManager.php(665): Illuminate\Log\LogManager->driver()
#10 /var/www/tic-chat/vendor/laravel/framework/src/Illuminate/Foundation/Exceptions/Handler.php(287): Illuminate\Log\LogManager->error()
#11 /var/www/tic-chat/vendor/laravel/framework/src/Illuminate/Foundation/Exceptions/Handler.php(250): Illuminate\Foundation\Exceptions\Handler->reportThrowable()
#12 /var/www/tic-chat/vendor/laravel/framework/src/Illuminate/Foundation/Console/Kernel.php(523): Illuminate\Foundation\Exceptions\Handler->report()
#13 /var/www/tic-chat/vendor/laravel/framework/src/Illuminate/Foundation/Console/Kernel.php(203): Illuminate\Foundation\Console\Kernel->reportException()
#14 /var/www/tic-chat/artisan(37): Illuminate\Foundation\Console\Kernel->handle()
#15 {main}

Next Illuminate\Contracts\Container\BindingResolutionException: Target class [config] does not exist. in /var/www/tic-chat/vendor/laravel/framework/src/Illuminate/Container/Container.php:914
Stack trace:
#0 /var/www/tic-chat/vendor/laravel/framework/src/Illuminate/Container/Container.php(795): Illuminate\Container\Container->build()
#1 /var/www/tic-chat/vendor/laravel/framework/src/Illuminate/Foundation/Application.php(937): Illuminate\Container\Container->resolve()
#2 /var/www/tic-chat/vendor/laravel/framework/src/Illuminate/Container/Container.php(731): Illuminate\Foundation\Application->resolve()
#3 /var/www/tic-chat/vendor/laravel/framework/src/Illuminate/Foundation/Application.php(922): Illuminate\Container\Container->make()
#4 /var/www/tic-chat/vendor/laravel/framework/src/Illuminate/Container/Container.php(1454): Illuminate\Foundation\Application->make()
#5 /var/www/tic-chat/vendor/laravel/framework/src/Illuminate/Log/LogManager.php(544): Illuminate\Container\Container->offsetGet()
#6 /var/www/tic-chat/vendor/laravel/framework/src/Illuminate/Log/LogManager.php(595): Illuminate\Log\LogManager->getDefaultDriver()
#7 /var/www/tic-chat/vendor/laravel/framework/src/Illuminate/Log/LogManager.php(124): Illuminate\Log\LogManager->parseDriver()
#8 /var/www/tic-chat/vendor/laravel/framework/src/Illuminate/Log/LogManager.php(665): Illuminate\Log\LogManager->driver()
#9 /var/www/tic-chat/vendor/laravel/framework/src/Illuminate/Foundation/Exceptions/Handler.php(287): Illuminate\Log\LogManager->error()
#10 /var/www/tic-chat/vendor/laravel/framework/src/Illuminate/Foundation/Exceptions/Handler.php(250): Illuminate\Foundation\Exceptions\Handler->reportThrowable()
#11 /var/www/tic-chat/vendor/laravel/framework/src/Illuminate/Foundation/Console/Kernel.php(523): Illuminate\Foundation\Exceptions\Handler->report()
#12 /var/www/tic-chat/vendor/laravel/framework/src/Illuminate/Foundation/Console/Kernel.php(203): Illuminate\Foundation\Console\Kernel->reportException()
#13 /var/www/tic-chat/artisan(37): Illuminate\Foundation\Console\Kernel->handle()
#14 {main}
  thrown in /var/www/tic-chat/vendor/laravel/framework/src/Illuminate/Container/Container.php on line 914
PHP Fatal error:  Uncaught ReflectionException: Class "config" does not exist in /var/www/tic-chat/vendor/laravel/framework/src/Illuminate/Container/Container.php:912
Stack trace:
#0 /var/www/tic-chat/vendor/laravel/framework/src/Illuminate/Container/Container.php(912): ReflectionClass->__construct()
#1 /var/www/tic-chat/vendor/laravel/framework/src/Illuminate/Container/Container.php(795): Illuminate\Container\Container->build()
#2 /var/www/tic-chat/vendor/laravel/framework/src/Illuminate/Foundation/Application.php(937): Illuminate\Container\Container->resolve()
#3 /var/www/tic-chat/vendor/laravel/framework/src/Illuminate/Container/Container.php(731): Illuminate\Foundation\Application->resolve()
#4 /var/www/tic-chat/vendor/laravel/framework/src/Illuminate/Foundation/Application.php(922): Illuminate\Container\Container->make()
#5 /var/www/tic-chat/vendor/laravel/framework/src/Illuminate/Container/Container.php(1454): Illuminate\Foundation\Application->make()
#6 /var/www/tic-chat/vendor/laravel/framework/src/Illuminate/Log/LogManager.php(544): Illuminate\Container\Container->offsetGet()
#7 /var/www/tic-chat/vendor/laravel/framework/src/Illuminate/Log/LogManager.php(595): Illuminate\Log\LogManager->getDefaultDriver()
#8 /var/www/tic-chat/vendor/laravel/framework/src/Illuminate/Log/LogManager.php(124): Illuminate\Log\LogManager->parseDriver()
#9 /var/www/tic-chat/vendor/laravel/framework/src/Illuminate/Log/LogManager.php(665): Illuminate\Log\LogManager->driver()
#10 /var/www/tic-chat/vendor/laravel/framework/src/Illuminate/Foundation/Exceptions/Handler.php(287): Illuminate\Log\LogManager->error()
#11 /var/www/tic-chat/vendor/laravel/framework/src/Illuminate/Foundation/Exceptions/Handler.php(250): Illuminate\Foundation\Exceptions\Handler->reportThrowable()
#12 /var/www/tic-chat/vendor/laravel/framework/src/Illuminate/Foundation/Console/Kernel.php(523): Illuminate\Foundation\Exceptions\Handler->report()
#13 /var/www/tic-chat/vendor/laravel/framework/src/Illuminate/Foundation/Console/Kernel.php(203): Illuminate\Foundation\Console\Kernel->reportException()
#14 /var/www/tic-chat/artisan(37): Illuminate\Foundation\Console\Kernel->handle()
#15 {main}

Next Illuminate\Contracts\Container\BindingResolutionException: Target class [config] does not exist. in /var/www/tic-chat/vendor/laravel/framework/src/Illuminate/Container/Container.php:914
Stack trace:
#0 /var/www/tic-chat/vendor/laravel/framework/src/Illuminate/Container/Container.php(795): Illuminate\Container\Container->build()
#1 /var/www/tic-chat/vendor/laravel/framework/src/Illuminate/Foundation/Application.php(937): Illuminate\Container\Container->resolve()
#2 /var/www/tic-chat/vendor/laravel/framework/src/Illuminate/Container/Container.php(731): Illuminate\Foundation\Application->resolve()
#3 /var/www/tic-chat/vendor/laravel/framework/src/Illuminate/Foundation/Application.php(922): Illuminate\Container\Container->make()
#4 /var/www/tic-chat/vendor/laravel/framework/src/Illuminate/Container/Container.php(1454): Illuminate\Foundation\Application->make()
#5 /var/www/tic-chat/vendor/laravel/framework/src/Illuminate/Log/LogManager.php(544): Illuminate\Container\Container->offsetGet()
#6 /var/www/tic-chat/vendor/laravel/framework/src/Illuminate/Log/LogManager.php(595): Illuminate\Log\LogManager->getDefaultDriver()
#7 /var/www/tic-chat/vendor/laravel/framework/src/Illuminate/Log/LogManager.php(124): Illuminate\Log\LogManager->parseDriver()
#8 /var/www/tic-chat/vendor/laravel/framework/src/Illuminate/Log/LogManager.php(665): Illuminate\Log\LogManager->driver()
#9 /var/www/tic-chat/vendor/laravel/framework/src/Illuminate/Foundation/Exceptions/Handler.php(287): Illuminate\Log\LogManager->error()
#10 /var/www/tic-chat/vendor/laravel/framework/src/Illuminate/Foundation/Exceptions/Handler.php(250): Illuminate\Foundation\Exceptions\Handler->reportThrowable()
#11 /var/www/tic-chat/vendor/laravel/framework/src/Illuminate/Foundation/Console/Kernel.php(523): Illuminate\Foundation\Exceptions\Handler->report()
#12 /var/www/tic-chat/vendor/laravel/framework/src/Illuminate/Foundation/Console/Kernel.php(203): Illuminate\Foundation\Console\Kernel->reportException()
#13 /var/www/tic-chat/artisan(37): Illuminate\Foundation\Console\Kernel->handle()
#14 {main}
  thrown in /var/www/tic-chat/vendor/laravel/framework/src/Illuminate/Container/Container.php on line 914
PHP Fatal error:  Uncaught ReflectionException: Class "config" does not exist in /var/www/tic-chat/vendor/laravel/framework/src/Illuminate/Container/Container.php:912
Stack trace:
#0 /var/www/tic-chat/vendor/laravel/framework/src/Illuminate/Container/Container.php(912): ReflectionClass->__construct()
#1 /var/www/tic-chat/vendor/laravel/framework/src/Illuminate/Container/Container.php(795): Illuminate\Container\Container->build()
#2 /var/www/tic-chat/vendor/laravel/framework/src/Illuminate/Foundation/Application.php(937): Illuminate\Container\Container->resolve()
#3 /var/www/tic-chat/vendor/laravel/framework/src/Illuminate/Container/Container.php(731): Illuminate\Foundation\Application->resolve()
#4 /var/www/tic-chat/vendor/laravel/framework/src/Illuminate/Foundation/Application.php(922): Illuminate\Container\Container->make()
#5 /var/www/tic-chat/vendor/laravel/framework/src/Illuminate/Container/Container.php(1454): Illuminate\Foundation\Application->make()
#6 /var/www/tic-chat/vendor/laravel/framework/src/Illuminate/Log/LogManager.php(544): Illuminate\Container\Container->offsetGet()
#7 /var/www/tic-chat/vendor/laravel/framework/src/Illuminate/Log/LogManager.php(595): Illuminate\Log\LogManager->getDefaultDriver()
#8 /var/www/tic-chat/vendor/laravel/framework/src/Illuminate/Log/LogManager.php(124): Illuminate\Log\LogManager->parseDriver()
#9 /var/www/tic-chat/vendor/laravel/framework/src/Illuminate/Log/LogManager.php(665): Illuminate\Log\LogManager->driver()
#10 /var/www/tic-chat/vendor/laravel/framework/src/Illuminate/Foundation/Exceptions/Handler.php(287): Illuminate\Log\LogManager->error()
#11 /var/www/tic-chat/vendor/laravel/framework/src/Illuminate/Foundation/Exceptions/Handler.php(250): Illuminate\Foundation\Exceptions\Handler->reportThrowable()
#12 /var/www/tic-chat/vendor/laravel/framework/src/Illuminate/Foundation/Console/Kernel.php(523): Illuminate\Foundation\Exceptions\Handler->report()
#13 /var/www/tic-chat/vendor/laravel/framework/src/Illuminate/Foundation/Console/Kernel.php(203): Illuminate\Foundation\Console\Kernel->reportException()
#14 /var/www/tic-chat/artisan(37): Illuminate\Foundation\Console\Kernel->handle()
#15 {main}

Next Illuminate\Contracts\Container\BindingResolutionException: Target class [config] does not exist. in /var/www/tic-chat/vendor/laravel/framework/src/Illuminate/Container/Container.php:914
Stack trace:
#0 /var/www/tic-chat/vendor/laravel/framework/src/Illuminate/Container/Container.php(795): Illuminate\Container\Container->build()
#1 /var/www/tic-chat/vendor/laravel/framework/src/Illuminate/Foundation/Application.php(937): Illuminate\Container\Container->resolve()
#2 /var/www/tic-chat/vendor/laravel/framework/src/Illuminate/Container/Container.php(731): Illuminate\Foundation\Application->resolve()
#3 /var/www/tic-chat/vendor/laravel/framework/src/Illuminate/Foundation/Application.php(922): Illuminate\Container\Container->make()
#4 /var/www/tic-chat/vendor/laravel/framework/src/Illuminate/Container/Container.php(1454): Illuminate\Foundation\Application->make()
#5 /var/www/tic-chat/vendor/laravel/framework/src/Illuminate/Log/LogManager.php(544): Illuminate\Container\Container->offsetGet()
#6 /var/www/tic-chat/vendor/laravel/framework/src/Illuminate/Log/LogManager.php(595): Illuminate\Log\LogManager->getDefaultDriver()
#7 /var/www/tic-chat/vendor/laravel/framework/src/Illuminate/Log/LogManager.php(124): Illuminate\Log\LogManager->parseDriver()
#8 /var/www/tic-chat/vendor/laravel/framework/src/Illuminate/Log/LogManager.php(665): Illuminate\Log\LogManager->driver()
#9 /var/www/tic-chat/vendor/laravel/framework/src/Illuminate/Foundation/Exceptions/Handler.php(287): Illuminate\Log\LogManager->error()
#10 /var/www/tic-chat/vendor/laravel/framework/src/Illuminate/Foundation/Exceptions/Handler.php(250): Illuminate\Foundation\Exceptions\Handler->reportThrowable()
#11 /var/www/tic-chat/vendor/laravel/framework/src/Illuminate/Foundation/Console/Kernel.php(523): Illuminate\Foundation\Exceptions\Handler->report()
#12 /var/www/tic-chat/vendor/laravel/framework/src/Illuminate/Foundation/Console/Kernel.php(203): Illuminate\Foundation\Console\Kernel->reportException()
#13 /var/www/tic-chat/artisan(37): Illuminate\Foundation\Console\Kernel->handle()
#14 {main}
  thrown in /var/www/tic-chat/vendor/laravel/framework/src/Illuminate/Container/Container.php on line 914
PHP Fatal error:  Uncaught ReflectionException: Class "config" does not exist in /var/www/tic-chat/vendor/laravel/framework/src/Illuminate/Container/Container.php:912
Stack trace:
#0 /var/www/tic-chat/vendor/laravel/framework/src/Illuminate/Container/Container.php(912): ReflectionClass->__construct()
#1 /var/www/tic-chat/vendor/laravel/framework/src/Illuminate/Container/Container.php(795): Illuminate\Container\Container->build()
#2 /var/www/tic-chat/vendor/laravel/framework/src/Illuminate/Foundation/Application.php(937): Illuminate\Container\Container->resolve()
#3 /var/www/tic-chat/vendor/laravel/framework/src/Illuminate/Container/Container.php(731): Illuminate\Foundation\Application->resolve()
#4 /var/www/tic-chat/vendor/laravel/framework/src/Illuminate/Foundation/Application.php(922): Illuminate\Container\Container->make()
#5 /var/www/tic-chat/vendor/laravel/framework/src/Illuminate/Container/Container.php(1454): Illuminate\Foundation\Application->make()
#6 /var/www/tic-chat/vendor/laravel/framework/src/Illuminate/Log/LogManager.php(544): Illuminate\Container\Container->offsetGet()
#7 /var/www/tic-chat/vendor/laravel/framework/src/Illuminate/Log/LogManager.php(595): Illuminate\Log\LogManager->getDefaultDriver()
#8 /var/www/tic-chat/vendor/laravel/framework/src/Illuminate/Log/LogManager.php(124): Illuminate\Log\LogManager->parseDriver()
#9 /var/www/tic-chat/vendor/laravel/framework/src/Illuminate/Log/LogManager.php(665): Illuminate\Log\LogManager->driver()
#10 /var/www/tic-chat/vendor/laravel/framework/src/Illuminate/Foundation/Exceptions/Handler.php(287): Illuminate\Log\LogManager->error()
#11 /var/www/tic-chat/vendor/laravel/framework/src/Illuminate/Foundation/Exceptions/Handler.php(250): Illuminate\Foundation\Exceptions\Handler->reportThrowable()
#12 /var/www/tic-chat/vendor/laravel/framework/src/Illuminate/Foundation/Console/Kernel.php(523): Illuminate\Foundation\Exceptions\Handler->report()
#13 /var/www/tic-chat/vendor/laravel/framework/src/Illuminate/Foundation/Console/Kernel.php(203): Illuminate\Foundation\Console\Kernel->reportException()
#14 /var/www/tic-chat/artisan(37): Illuminate\Foundation\Console\Kernel->handle()
#15 {main}

Next Illuminate\Contracts\Container\BindingResolutionException: Target class [config] does not exist. in /var/www/tic-chat/vendor/laravel/framework/src/Illuminate/Container/Container.php:914
Stack trace:
#0 /var/www/tic-chat/vendor/laravel/framework/src/Illuminate/Container/Container.php(795): Illuminate\Container\Container->build()
#1 /var/www/tic-chat/vendor/laravel/framework/src/Illuminate/Foundation/Application.php(937): Illuminate\Container\Container->resolve()
#2 /var/www/tic-chat/vendor/laravel/framework/src/Illuminate/Container/Container.php(731): Illuminate\Foundation\Application->resolve()
#3 /var/www/tic-chat/vendor/laravel/framework/src/Illuminate/Foundation/Application.php(922): Illuminate\Container\Container->make()
#4 /var/www/tic-chat/vendor/laravel/framework/src/Illuminate/Container/Container.php(1454): Illuminate\Foundation\Application->make()
#5 /var/www/tic-chat/vendor/laravel/framework/src/Illuminate/Log/LogManager.php(544): Illuminate\Container\Container->offsetGet()
#6 /var/www/tic-chat/vendor/laravel/framework/src/Illuminate/Log/LogManager.php(595): Illuminate\Log\LogManager->getDefaultDriver()
#7 /var/www/tic-chat/vendor/laravel/framework/src/Illuminate/Log/LogManager.php(124): Illuminate\Log\LogManager->parseDriver()
#8 /var/www/tic-chat/vendor/laravel/framework/src/Illuminate/Log/LogManager.php(665): Illuminate\Log\LogManager->driver()
#9 /var/www/tic-chat/vendor/laravel/framework/src/Illuminate/Foundation/Exceptions/Handler.php(287): Illuminate\Log\LogManager->error()
#10 /var/www/tic-chat/vendor/laravel/framework/src/Illuminate/Foundation/Exceptions/Handler.php(250): Illuminate\Foundation\Exceptions\Handler->reportThrowable()
#11 /var/www/tic-chat/vendor/laravel/framework/src/Illuminate/Foundation/Console/Kernel.php(523): Illuminate\Foundation\Exceptions\Handler->report()
#12 /var/www/tic-chat/vendor/laravel/framework/src/Illuminate/Foundation/Console/Kernel.php(203): Illuminate\Foundation\Console\Kernel->reportException()
#13 /var/www/tic-chat/artisan(37): Illuminate\Foundation\Console\Kernel->handle()
#14 {main}
  thrown in /var/www/tic-chat/vendor/laravel/framework/src/Illuminate/Container/Container.php on line 914
PHP Fatal error:  Uncaught ReflectionException: Class "config" does not exist in /var/www/tic-chat/vendor/laravel/framework/src/Illuminate/Container/Container.php:912
Stack trace:
#0 /var/www/tic-chat/vendor/laravel/framework/src/Illuminate/Container/Container.php(912): ReflectionClass->__construct()
#1 /var/www/tic-chat/vendor/laravel/framework/src/Illuminate/Container/Container.php(795): Illuminate\Container\Container->build()
#2 /var/www/tic-chat/vendor/laravel/framework/src/Illuminate/Foundation/Application.php(937): Illuminate\Container\Container->resolve()
#3 /var/www/tic-chat/vendor/laravel/framework/src/Illuminate/Container/Container.php(731): Illuminate\Foundation\Application->resolve()
#4 /var/www/tic-chat/vendor/laravel/framework/src/Illuminate/Foundation/Application.php(922): Illuminate\Container\Container->make()
#5 /var/www/tic-chat/vendor/laravel/framework/src/Illuminate/Container/Container.php(1454): Illuminate\Foundation\Application->make()
#6 /var/www/tic-chat/vendor/laravel/framework/src/Illuminate/Log/LogManager.php(544): Illuminate\Container\Container->offsetGet()
#7 /var/www/tic-chat/vendor/laravel/framework/src/Illuminate/Log/LogManager.php(595): Illuminate\Log\LogManager->getDefaultDriver()
#8 /var/www/tic-chat/vendor/laravel/framework/src/Illuminate/Log/LogManager.php(124): Illuminate\Log\LogManager->parseDriver()
#9 /var/www/tic-chat/vendor/laravel/framework/src/Illuminate/Log/LogManager.php(665): Illuminate\Log\LogManager->driver()
#10 /var/www/tic-chat/vendor/laravel/framework/src/Illuminate/Foundation/Exceptions/Handler.php(287): Illuminate\Log\LogManager->error()
#11 /var/www/tic-chat/vendor/laravel/framework/src/Illuminate/Foundation/Exceptions/Handler.php(250): Illuminate\Foundation\Exceptions\Handler->reportThrowable()
#12 /var/www/tic-chat/vendor/laravel/framework/src/Illuminate/Foundation/Console/Kernel.php(523): Illuminate\Foundation\Exceptions\Handler->report()
#13 /var/www/tic-chat/vendor/laravel/framework/src/Illuminate/Foundation/Console/Kernel.php(203): Illuminate\Foundation\Console\Kernel->reportException()
#14 /var/www/tic-chat/artisan(37): Illuminate\Foundation\Console\Kernel->handle()
#15 {main}

Next Illuminate\Contracts\Container\BindingResolutionException: Target class [config] does not exist. in /var/www/tic-chat/vendor/laravel/framework/src/Illuminate/Container/Container.php:914
Stack trace:
#0 /var/www/tic-chat/vendor/laravel/framework/src/Illuminate/Container/Container.php(795): Illuminate\Container\Container->build()
#1 /var/www/tic-chat/vendor/laravel/framework/src/Illuminate/Foundation/Application.php(937): Illuminate\Container\Container->resolve()
#2 /var/www/tic-chat/vendor/laravel/framework/src/Illuminate/Container/Container.php(731): Illuminate\Foundation\Application->resolve()
#3 /var/www/tic-chat/vendor/laravel/framework/src/Illuminate/Foundation/Application.php(922): Illuminate\Container\Container->make()
#4 /var/www/tic-chat/vendor/laravel/framework/src/Illuminate/Container/Container.php(1454): Illuminate\Foundation\Application->make()
#5 /var/www/tic-chat/vendor/laravel/framework/src/Illuminate/Log/LogManager.php(544): Illuminate\Container\Container->offsetGet()
#6 /var/www/tic-chat/vendor/laravel/framework/src/Illuminate/Log/LogManager.php(595): Illuminate\Log\LogManager->getDefaultDriver()
#7 /var/www/tic-chat/vendor/laravel/framework/src/Illuminate/Log/LogManager.php(124): Illuminate\Log\LogManager->parseDriver()
#8 /var/www/tic-chat/vendor/laravel/framework/src/Illuminate/Log/LogManager.php(665): Illuminate\Log\LogManager->driver()
#9 /var/www/tic-chat/vendor/laravel/framework/src/Illuminate/Foundation/Exceptions/Handler.php(287): Illuminate\Log\LogManager->error()
#10 /var/www/tic-chat/vendor/laravel/framework/src/Illuminate/Foundation/Exceptions/Handler.php(250): Illuminate\Foundation\Exceptions\Handler->reportThrowable()
#11 /var/www/tic-chat/vendor/laravel/framework/src/Illuminate/Foundation/Console/Kernel.php(523): Illuminate\Foundation\Exceptions\Handler->report()
#12 /var/www/tic-chat/vendor/laravel/framework/src/Illuminate/Foundation/Console/Kernel.php(203): Illuminate\Foundation\Console\Kernel->reportException()
#13 /var/www/tic-chat/artisan(37): Illuminate\Foundation\Console\Kernel->handle()
#14 {main}
  thrown in /var/www/tic-chat/vendor/laravel/framework/src/Illuminate/Container/Container.php on line 914
PHP Fatal error:  Uncaught ReflectionException: Class "config" does not exist in /var/www/tic-chat/vendor/laravel/framework/src/Illuminate/Container/Container.php:912
Stack trace:
#0 /var/www/tic-chat/vendor/laravel/framework/src/Illuminate/Container/Container.php(912): ReflectionClass->__construct()
#1 /var/www/tic-chat/vendor/laravel/framework/src/Illuminate/Container/Container.php(795): Illuminate\Container\Container->build()
#2 /var/www/tic-chat/vendor/laravel/framework/src/Illuminate/Foundation/Application.php(937): Illuminate\Container\Container->resolve()
#3 /var/www/tic-chat/vendor/laravel/framework/src/Illuminate/Container/Container.php(731): Illuminate\Foundation\Application->resolve()
#4 /var/www/tic-chat/vendor/laravel/framework/src/Illuminate/Foundation/Application.php(922): Illuminate\Container\Container->make()
#5 /var/www/tic-chat/vendor/laravel/framework/src/Illuminate/Container/Container.php(1454): Illuminate\Foundation\Application->make()
#6 /var/www/tic-chat/vendor/laravel/framework/src/Illuminate/Log/LogManager.php(544): Illuminate\Container\Container->offsetGet()
#7 /var/www/tic-chat/vendor/laravel/framework/src/Illuminate/Log/LogManager.php(595): Illuminate\Log\LogManager->getDefaultDriver()
#8 /var/www/tic-chat/vendor/laravel/framework/src/Illuminate/Log/LogManager.php(124): Illuminate\Log\LogManager->parseDriver()
#9 /var/www/tic-chat/vendor/laravel/framework/src/Illuminate/Log/LogManager.php(665): Illuminate\Log\LogManager->driver()
#10 /var/www/tic-chat/vendor/laravel/framework/src/Illuminate/Foundation/Exceptions/Handler.php(287): Illuminate\Log\LogManager->error()
#11 /var/www/tic-chat/vendor/laravel/framework/src/Illuminate/Foundation/Exceptions/Handler.php(250): Illuminate\Foundation\Exceptions\Handler->reportThrowable()
#12 /var/www/tic-chat/vendor/laravel/framework/src/Illuminate/Foundation/Console/Kernel.php(523): Illuminate\Foundation\Exceptions\Handler->report()
#13 /var/www/tic-chat/vendor/laravel/framework/src/Illuminate/Foundation/Console/Kernel.php(203): Illuminate\Foundation\Console\Kernel->reportException()
#14 /var/www/tic-chat/artisan(37): Illuminate\Foundation\Console\Kernel->handle()
#15 {main}

Next Illuminate\Contracts\Container\BindingResolutionException: Target class [config] does not exist. in /var/www/tic-chat/vendor/laravel/framework/src/Illuminate/Container/Container.php:914
Stack trace:
#0 /var/www/tic-chat/vendor/laravel/framework/src/Illuminate/Container/Container.php(795): Illuminate\Container\Container->build()
#1 /var/www/tic-chat/vendor/laravel/framework/src/Illuminate/Foundation/Application.php(937): Illuminate\Container\Container->resolve()
#2 /var/www/tic-chat/vendor/laravel/framework/src/Illuminate/Container/Container.php(731): Illuminate\Foundation\Application->resolve()
#3 /var/www/tic-chat/vendor/laravel/framework/src/Illuminate/Foundation/Application.php(922): Illuminate\Container\Container->make()
#4 /var/www/tic-chat/vendor/laravel/framework/src/Illuminate/Container/Container.php(1454): Illuminate\Foundation\Application->make()
#5 /var/www/tic-chat/vendor/laravel/framework/src/Illuminate/Log/LogManager.php(544): Illuminate\Container\Container->offsetGet()
#6 /var/www/tic-chat/vendor/laravel/framework/src/Illuminate/Log/LogManager.php(595): Illuminate\Log\LogManager->getDefaultDriver()
#7 /var/www/tic-chat/vendor/laravel/framework/src/Illuminate/Log/LogManager.php(124): Illuminate\Log\LogManager->parseDriver()
#8 /var/www/tic-chat/vendor/laravel/framework/src/Illuminate/Log/LogManager.php(665): Illuminate\Log\LogManager->driver()
#9 /var/www/tic-chat/vendor/laravel/framework/src/Illuminate/Foundation/Exceptions/Handler.php(287): Illuminate\Log\LogManager->error()
#10 /var/www/tic-chat/vendor/laravel/framework/src/Illuminate/Foundation/Exceptions/Handler.php(250): Illuminate\Foundation\Exceptions\Handler->reportThrowable()
#11 /var/www/tic-chat/vendor/laravel/framework/src/Illuminate/Foundation/Console/Kernel.php(523): Illuminate\Foundation\Exceptions\Handler->report()
#12 /var/www/tic-chat/vendor/laravel/framework/src/Illuminate/Foundation/Console/Kernel.php(203): Illuminate\Foundation\Console\Kernel->reportException()
#13 /var/www/tic-chat/artisan(37): Illuminate\Foundation\Console\Kernel->handle()
#14 {main}
  thrown in /var/www/tic-chat/vendor/laravel/framework/src/Illuminate/Container/Container.php on line 914
PHP Fatal error:  Uncaught ReflectionException: Class "config" does not exist in /var/www/tic-chat/vendor/laravel/framework/src/Illuminate/Container/Container.php:912
Stack trace:
#0 /var/www/tic-chat/vendor/laravel/framework/src/Illuminate/Container/Container.php(912): ReflectionClass->__construct()
#1 /var/www/tic-chat/vendor/laravel/framework/src/Illuminate/Container/Container.php(795): Illuminate\Container\Container->build()
#2 /var/www/tic-chat/vendor/laravel/framework/src/Illuminate/Foundation/Application.php(937): Illuminate\Container\Container->resolve()
#3 /var/www/tic-chat/vendor/laravel/framework/src/Illuminate/Container/Container.php(731): Illuminate\Foundation\Application->resolve()
#4 /var/www/tic-chat/vendor/laravel/framework/src/Illuminate/Foundation/Application.php(922): Illuminate\Container\Container->make()
#5 /var/www/tic-chat/vendor/laravel/framework/src/Illuminate/Container/Container.php(1454): Illuminate\Foundation\Application->make()
#6 /var/www/tic-chat/vendor/laravel/framework/src/Illuminate/Log/LogManager.php(544): Illuminate\Container\Container->offsetGet()
#7 /var/www/tic-chat/vendor/laravel/framework/src/Illuminate/Log/LogManager.php(595): Illuminate\Log\LogManager->getDefaultDriver()
#8 /var/www/tic-chat/vendor/laravel/framework/src/Illuminate/Log/LogManager.php(124): Illuminate\Log\LogManager->parseDriver()
#9 /var/www/tic-chat/vendor/laravel/framework/src/Illuminate/Log/LogManager.php(665): Illuminate\Log\LogManager->driver()
#10 /var/www/tic-chat/vendor/laravel/framework/src/Illuminate/Foundation/Exceptions/Handler.php(287): Illuminate\Log\LogManager->error()
#11 /var/www/tic-chat/vendor/laravel/framework/src/Illuminate/Foundation/Exceptions/Handler.php(250): Illuminate\Foundation\Exceptions\Handler->reportThrowable()
#12 /var/www/tic-chat/vendor/laravel/framework/src/Illuminate/Foundation/Console/Kernel.php(523): Illuminate\Foundation\Exceptions\Handler->report()
#13 /var/www/tic-chat/vendor/laravel/framework/src/Illuminate/Foundation/Console/Kernel.php(203): Illuminate\Foundation\Console\Kernel->reportException()
#14 /var/www/tic-chat/artisan(37): Illuminate\Foundation\Console\Kernel->handle()
#15 {main}

Next Illuminate\Contracts\Container\BindingResolutionException: Target class [config] does not exist. in /var/www/tic-chat/vendor/laravel/framework/src/Illuminate/Container/Container.php:914
Stack trace:
#0 /var/www/tic-chat/vendor/laravel/framework/src/Illuminate/Container/Container.php(795): Illuminate\Container\Container->build()
#1 /var/www/tic-chat/vendor/laravel/framework/src/Illuminate/Foundation/Application.php(937): Illuminate\Container\Container->resolve()
#2 /var/www/tic-chat/vendor/laravel/framework/src/Illuminate/Container/Container.php(731): Illuminate\Foundation\Application->resolve()
#3 /var/www/tic-chat/vendor/laravel/framework/src/Illuminate/Foundation/Application.php(922): Illuminate\Container\Container->make()
#4 /var/www/tic-chat/vendor/laravel/framework/src/Illuminate/Container/Container.php(1454): Illuminate\Foundation\Application->make()
#5 /var/www/tic-chat/vendor/laravel/framework/src/Illuminate/Log/LogManager.php(544): Illuminate\Container\Container->offsetGet()
#6 /var/www/tic-chat/vendor/laravel/framework/src/Illuminate/Log/LogManager.php(595): Illuminate\Log\LogManager->getDefaultDriver()
#7 /var/www/tic-chat/vendor/laravel/framework/src/Illuminate/Log/LogManager.php(124): Illuminate\Log\LogManager->parseDriver()
#8 /var/www/tic-chat/vendor/laravel/framework/src/Illuminate/Log/LogManager.php(665): Illuminate\Log\LogManager->driver()
#9 /var/www/tic-chat/vendor/laravel/framework/src/Illuminate/Foundation/Exceptions/Handler.php(287): Illuminate\Log\LogManager->error()
#10 /var/www/tic-chat/vendor/laravel/framework/src/Illuminate/Foundation/Exceptions/Handler.php(250): Illuminate\Foundation\Exceptions\Handler->reportThrowable()
#11 /var/www/tic-chat/vendor/laravel/framework/src/Illuminate/Foundation/Console/Kernel.php(523): Illuminate\Foundation\Exceptions\Handler->report()
#12 /var/www/tic-chat/vendor/laravel/framework/src/Illuminate/Foundation/Console/Kernel.php(203): Illuminate\Foundation\Console\Kernel->reportException()
#13 /var/www/tic-chat/artisan(37): Illuminate\Foundation\Console\Kernel->handle()
#14 {main}
  thrown in /var/www/tic-chat/vendor/laravel/framework/src/Illuminate/Container/Container.php on line 914
PHP Fatal error:  Uncaught ReflectionException: Class "config" does not exist in /var/www/tic-chat/vendor/laravel/framework/src/Illuminate/Container/Container.php:912
Stack trace:
#0 /var/www/tic-chat/vendor/laravel/framework/src/Illuminate/Container/Container.php(912): ReflectionClass->__construct()
#1 /var/www/tic-chat/vendor/laravel/framework/src/Illuminate/Container/Container.php(795): Illuminate\Container\Container->build()
#2 /var/www/tic-chat/vendor/laravel/framework/src/Illuminate/Foundation/Application.php(937): Illuminate\Container\Container->resolve()
#3 /var/www/tic-chat/vendor/laravel/framework/src/Illuminate/Container/Container.php(731): Illuminate\Foundation\Application->resolve()
#4 /var/www/tic-chat/vendor/laravel/framework/src/Illuminate/Foundation/Application.php(922): Illuminate\Container\Container->make()
#5 /var/www/tic-chat/vendor/laravel/framework/src/Illuminate/Container/Container.php(1454): Illuminate\Foundation\Application->make()
#6 /var/www/tic-chat/vendor/laravel/framework/src/Illuminate/Log/LogManager.php(544): Illuminate\Container\Container->offsetGet()
#7 /var/www/tic-chat/vendor/laravel/framework/src/Illuminate/Log/LogManager.php(595): Illuminate\Log\LogManager->getDefaultDriver()
#8 /var/www/tic-chat/vendor/laravel/framework/src/Illuminate/Log/LogManager.php(124): Illuminate\Log\LogManager->parseDriver()
#9 /var/www/tic-chat/vendor/laravel/framework/src/Illuminate/Log/LogManager.php(665): Illuminate\Log\LogManager->driver()
#10 /var/www/tic-chat/vendor/laravel/framework/src/Illuminate/Foundation/Exceptions/Handler.php(287): Illuminate\Log\LogManager->error()
#11 /var/www/tic-chat/vendor/laravel/framework/src/Illuminate/Foundation/Exceptions/Handler.php(250): Illuminate\Foundation\Exceptions\Handler->reportThrowable()
#12 /var/www/tic-chat/vendor/laravel/framework/src/Illuminate/Foundation/Console/Kernel.php(523): Illuminate\Foundation\Exceptions\Handler->report()
#13 /var/www/tic-chat/vendor/laravel/framework/src/Illuminate/Foundation/Console/Kernel.php(203): Illuminate\Foundation\Console\Kernel->reportException()
#14 /var/www/tic-chat/artisan(37): Illuminate\Foundation\Console\Kernel->handle()
#15 {main}

Next Illuminate\Contracts\Container\BindingResolutionException: Target class [config] does not exist. in /var/www/tic-chat/vendor/laravel/framework/src/Illuminate/Container/Container.php:914
Stack trace:
#0 /var/www/tic-chat/vendor/laravel/framework/src/Illuminate/Container/Container.php(795): Illuminate\Container\Container->build()
#1 /var/www/tic-chat/vendor/laravel/framework/src/Illuminate/Foundation/Application.php(937): Illuminate\Container\Container->resolve()
#2 /var/www/tic-chat/vendor/laravel/framework/src/Illuminate/Container/Container.php(731): Illuminate\Foundation\Application->resolve()
#3 /var/www/tic-chat/vendor/laravel/framework/src/Illuminate/Foundation/Application.php(922): Illuminate\Container\Container->make()
#4 /var/www/tic-chat/vendor/laravel/framework/src/Illuminate/Container/Container.php(1454): Illuminate\Foundation\Application->make()
#5 /var/www/tic-chat/vendor/laravel/framework/src/Illuminate/Log/LogManager.php(544): Illuminate\Container\Container->offsetGet()
#6 /var/www/tic-chat/vendor/laravel/framework/src/Illuminate/Log/LogManager.php(595): Illuminate\Log\LogManager->getDefaultDriver()
#7 /var/www/tic-chat/vendor/laravel/framework/src/Illuminate/Log/LogManager.php(124): Illuminate\Log\LogManager->parseDriver()
#8 /var/www/tic-chat/vendor/laravel/framework/src/Illuminate/Log/LogManager.php(665): Illuminate\Log\LogManager->driver()
#9 /var/www/tic-chat/vendor/laravel/framework/src/Illuminate/Foundation/Exceptions/Handler.php(287): Illuminate\Log\LogManager->error()
#10 /var/www/tic-chat/vendor/laravel/framework/src/Illuminate/Foundation/Exceptions/Handler.php(250): Illuminate\Foundation\Exceptions\Handler->reportThrowable()
#11 /var/www/tic-chat/vendor/laravel/framework/src/Illuminate/Foundation/Console/Kernel.php(523): Illuminate\Foundation\Exceptions\Handler->report()
#12 /var/www/tic-chat/vendor/laravel/framework/src/Illuminate/Foundation/Console/Kernel.php(203): Illuminate\Foundation\Console\Kernel->reportException()
#13 /var/www/tic-chat/artisan(37): Illuminate\Foundation\Console\Kernel->handle()
#14 {main}
  thrown in /var/www/tic-chat/vendor/laravel/framework/src/Illuminate/Container/Container.php on line 914
PHP Fatal error:  Uncaught ReflectionException: Class "config" does not exist in /var/www/tic-chat/vendor/laravel/framework/src/Illuminate/Container/Container.php:912
Stack trace:
#0 /var/www/tic-chat/vendor/laravel/framework/src/Illuminate/Container/Container.php(912): ReflectionClass->__construct()
#1 /var/www/tic-chat/vendor/laravel/framework/src/Illuminate/Container/Container.php(795): Illuminate\Container\Container->build()
#2 /var/www/tic-chat/vendor/laravel/framework/src/Illuminate/Foundation/Application.php(937): Illuminate\Container\Container->resolve()
#3 /var/www/tic-chat/vendor/laravel/framework/src/Illuminate/Container/Container.php(731): Illuminate\Foundation\Application->resolve()
#4 /var/www/tic-chat/vendor/laravel/framework/src/Illuminate/Foundation/Application.php(922): Illuminate\Container\Container->make()
#5 /var/www/tic-chat/vendor/laravel/framework/src/Illuminate/Container/Container.php(1454): Illuminate\Foundation\Application->make()
#6 /var/www/tic-chat/vendor/laravel/framework/src/Illuminate/Log/LogManager.php(544): Illuminate\Container\Container->offsetGet()
#7 /var/www/tic-chat/vendor/laravel/framework/src/Illuminate/Log/LogManager.php(595): Illuminate\Log\LogManager->getDefaultDriver()
#8 /var/www/tic-chat/vendor/laravel/framework/src/Illuminate/Log/LogManager.php(124): Illuminate\Log\LogManager->parseDriver()
#9 /var/www/tic-chat/vendor/laravel/framework/src/Illuminate/Log/LogManager.php(665): Illuminate\Log\LogManager->driver()
#10 /var/www/tic-chat/vendor/laravel/framework/src/Illuminate/Foundation/Exceptions/Handler.php(287): Illuminate\Log\LogManager->error()
#11 /var/www/tic-chat/vendor/laravel/framework/src/Illuminate/Foundation/Exceptions/Handler.php(250): Illuminate\Foundation\Exceptions\Handler->reportThrowable()
#12 /var/www/tic-chat/vendor/laravel/framework/src/Illuminate/Foundation/Console/Kernel.php(523): Illuminate\Foundation\Exceptions\Handler->report()
#13 /var/www/tic-chat/vendor/laravel/framework/src/Illuminate/Foundation/Console/Kernel.php(203): Illuminate\Foundation\Console\Kernel->reportException()
#14 /var/www/tic-chat/artisan(37): Illuminate\Foundation\Console\Kernel->handle()
#15 {main}

Next Illuminate\Contracts\Container\BindingResolutionException: Target class [config] does not exist. in /var/www/tic-chat/vendor/laravel/framework/src/Illuminate/Container/Container.php:914
Stack trace:
#0 /var/www/tic-chat/vendor/laravel/framework/src/Illuminate/Container/Container.php(795): Illuminate\Container\Container->build()
#1 /var/www/tic-chat/vendor/laravel/framework/src/Illuminate/Foundation/Application.php(937): Illuminate\Container\Container->resolve()
#2 /var/www/tic-chat/vendor/laravel/framework/src/Illuminate/Container/Container.php(731): Illuminate\Foundation\Application->resolve()
#3 /var/www/tic-chat/vendor/laravel/framework/src/Illuminate/Foundation/Application.php(922): Illuminate\Container\Container->make()
#4 /var/www/tic-chat/vendor/laravel/framework/src/Illuminate/Container/Container.php(1454): Illuminate\Foundation\Application->make()
#5 /var/www/tic-chat/vendor/laravel/framework/src/Illuminate/Log/LogManager.php(544): Illuminate\Container\Container->offsetGet()
#6 /var/www/tic-chat/vendor/laravel/framework/src/Illuminate/Log/LogManager.php(595): Illuminate\Log\LogManager->getDefaultDriver()
#7 /var/www/tic-chat/vendor/laravel/framework/src/Illuminate/Log/LogManager.php(124): Illuminate\Log\LogManager->parseDriver()
#8 /var/www/tic-chat/vendor/laravel/framework/src/Illuminate/Log/LogManager.php(665): Illuminate\Log\LogManager->driver()
#9 /var/www/tic-chat/vendor/laravel/framework/src/Illuminate/Foundation/Exceptions/Handler.php(287): Illuminate\Log\LogManager->error()
#10 /var/www/tic-chat/vendor/laravel/framework/src/Illuminate/Foundation/Exceptions/Handler.php(250): Illuminate\Foundation\Exceptions\Handler->reportThrowable()
#11 /var/www/tic-chat/vendor/laravel/framework/src/Illuminate/Foundation/Console/Kernel.php(523): Illuminate\Foundation\Exceptions\Handler->report()
#12 /var/www/tic-chat/vendor/laravel/framework/src/Illuminate/Foundation/Console/Kernel.php(203): Illuminate\Foundation\Console\Kernel->reportException()
#13 /var/www/tic-chat/artisan(37): Illuminate\Foundation\Console\Kernel->handle()
#14 {main}
  thrown in /var/www/tic-chat/vendor/laravel/framework/src/Illuminate/Container/Container.php on line 914
PHP Fatal error:  Uncaught ReflectionException: Class "config" does not exist in /var/www/tic-chat/vendor/laravel/framework/src/Illuminate/Container/Container.php:912
Stack trace:
#0 /var/www/tic-chat/vendor/laravel/framework/src/Illuminate/Container/Container.php(912): ReflectionClass->__construct()
#1 /var/www/tic-chat/vendor/laravel/framework/src/Illuminate/Container/Container.php(795): Illuminate\Container\Container->build()
#2 /var/www/tic-chat/vendor/laravel/framework/src/Illuminate/Foundation/Application.php(937): Illuminate\Container\Container->resolve()
#3 /var/www/tic-chat/vendor/laravel/framework/src/Illuminate/Container/Container.php(731): Illuminate\Foundation\Application->resolve()
#4 /var/www/tic-chat/vendor/laravel/framework/src/Illuminate/Foundation/Application.php(922): Illuminate\Container\Container->make()
#5 /var/www/tic-chat/vendor/laravel/framework/src/Illuminate/Container/Container.php(1454): Illuminate\Foundation\Application->make()
#6 /var/www/tic-chat/vendor/laravel/framework/src/Illuminate/Log/LogManager.php(544): Illuminate\Container\Container->offsetGet()
#7 /var/www/tic-chat/vendor/laravel/framework/src/Illuminate/Log/LogManager.php(595): Illuminate\Log\LogManager->getDefaultDriver()
#8 /var/www/tic-chat/vendor/laravel/framework/src/Illuminate/Log/LogManager.php(124): Illuminate\Log\LogManager->parseDriver()
#9 /var/www/tic-chat/vendor/laravel/framework/src/Illuminate/Log/LogManager.php(665): Illuminate\Log\LogManager->driver()
#10 /var/www/tic-chat/vendor/laravel/framework/src/Illuminate/Foundation/Exceptions/Handler.php(287): Illuminate\Log\LogManager->error()
#11 /var/www/tic-chat/vendor/laravel/framework/src/Illuminate/Foundation/Exceptions/Handler.php(250): Illuminate\Foundation\Exceptions\Handler->reportThrowable()
#12 /var/www/tic-chat/vendor/laravel/framework/src/Illuminate/Foundation/Console/Kernel.php(523): Illuminate\Foundation\Exceptions\Handler->report()
#13 /var/www/tic-chat/vendor/laravel/framework/src/Illuminate/Foundation/Console/Kernel.php(203): Illuminate\Foundation\Console\Kernel->reportException()
#14 /var/www/tic-chat/artisan(37): Illuminate\Foundation\Console\Kernel->handle()
#15 {main}

Next Illuminate\Contracts\Container\BindingResolutionException: Target class [config] does not exist. in /var/www/tic-chat/vendor/laravel/framework/src/Illuminate/Container/Container.php:914
Stack trace:
#0 /var/www/tic-chat/vendor/laravel/framework/src/Illuminate/Container/Container.php(795): Illuminate\Container\Container->build()
#1 /var/www/tic-chat/vendor/laravel/framework/src/Illuminate/Foundation/Application.php(937): Illuminate\Container\Container->resolve()
#2 /var/www/tic-chat/vendor/laravel/framework/src/Illuminate/Container/Container.php(731): Illuminate\Foundation\Application->resolve()
#3 /var/www/tic-chat/vendor/laravel/framework/src/Illuminate/Foundation/Application.php(922): Illuminate\Container\Container->make()
#4 /var/www/tic-chat/vendor/laravel/framework/src/Illuminate/Container/Container.php(1454): Illuminate\Foundation\Application->make()
#5 /var/www/tic-chat/vendor/laravel/framework/src/Illuminate/Log/LogManager.php(544): Illuminate\Container\Container->offsetGet()
#6 /var/www/tic-chat/vendor/laravel/framework/src/Illuminate/Log/LogManager.php(595): Illuminate\Log\LogManager->getDefaultDriver()
#7 /var/www/tic-chat/vendor/laravel/framework/src/Illuminate/Log/LogManager.php(124): Illuminate\Log\LogManager->parseDriver()
#8 /var/www/tic-chat/vendor/laravel/framework/src/Illuminate/Log/LogManager.php(665): Illuminate\Log\LogManager->driver()
#9 /var/www/tic-chat/vendor/laravel/framework/src/Illuminate/Foundation/Exceptions/Handler.php(287): Illuminate\Log\LogManager->error()
#10 /var/www/tic-chat/vendor/laravel/framework/src/Illuminate/Foundation/Exceptions/Handler.php(250): Illuminate\Foundation\Exceptions\Handler->reportThrowable()
#11 /var/www/tic-chat/vendor/laravel/framework/src/Illuminate/Foundation/Console/Kernel.php(523): Illuminate\Foundation\Exceptions\Handler->report()
#12 /var/www/tic-chat/vendor/laravel/framework/src/Illuminate/Foundation/Console/Kernel.php(203): Illuminate\Foundation\Console\Kernel->reportException()
#13 /var/www/tic-chat/artisan(37): Illuminate\Foundation\Console\Kernel->handle()
#14 {main}
  thrown in /var/www/tic-chat/vendor/laravel/framework/src/Illuminate/Container/Container.php on line 914
  2023-08-30 18:34:27 App\Jobs\AllOpeningRoomsZegoRequest ............ RUNNING
  2023-08-30 18:34:28 App\Jobs\AllOpeningRoomsZegoRequest ............ 1s DONE
  2023-08-30 18:34:58 App\Jobs\AllOpeningRoomsZegoRequest ............ RUNNING
  2023-08-30 18:34:59 App\Jobs\AllOpeningRoomsZegoRequest ...... 784.80ms DONE
  2023-08-30 18:35:09 Laravel\Telescope\Jobs\ProcessPendingUpdates ... RUNNING
  2023-08-30 18:35:09 Laravel\Telescope\Jobs\ProcessPendingUpdates  15.20ms DONE
  2023-08-30 18:35:14 App\Jobs\AllOpeningRoomsZegoRequest ............ RUNNING
  2023-08-30 18:35:14 App\Jobs\AllOpeningRoomsZegoRequest ...... 790.84ms DONE
  2023-08-30 19:05:57 App\Jobs\AllOpeningRoomsZegoRequest ............ RUNNING
  2023-08-30 19:05:58 App\Jobs\AllOpeningRoomsZegoRequest ...... 797.32ms DONE
  2023-08-30 19:06:13 App\Jobs\AllOpeningRoomsZegoRequest ............ RUNNING
  2023-08-30 19:06:14 App\Jobs\AllOpeningRoomsZegoRequest ...... 853.70ms DONE
  2023-08-30 19:08:08 App\Jobs\AllOpeningRoomsZegoRequest ............ RUNNING
  2023-08-30 19:08:09 App\Jobs\AllOpeningRoomsZegoRequest ............ 1s DONE
  2023-08-30 19:08:27 App\Jobs\AllOpeningRoomsZegoRequest ............ RUNNING
  2023-08-30 19:08:28 App\Jobs\AllOpeningRoomsZegoRequest ............ 1s DONE
  2023-08-31 11:35:55 App\Jobs\AllOpeningRoomsZegoRequest ............ RUNNING
  2023-08-31 11:35:57 App\Jobs\AllOpeningRoomsZegoRequest ............ 1s DONE
  2023-08-31 11:36:48 App\Jobs\AllOpeningRoomsZegoRequest ............ RUNNING
  2023-08-31 11:36:49 App\Jobs\AllOpeningRoomsZegoRequest ............ 1s DONE
  2023-08-31 11:37:10 App\Jobs\AllOpeningRoomsZegoRequest ............ RUNNING
  2023-08-31 11:37:11 App\Jobs\AllOpeningRoomsZegoRequest ............ 1s DONE
  2023-08-31 11:38:44 App\Jobs\AllOpeningRoomsZegoRequest ............ RUNNING
  2023-08-31 11:38:45 App\Jobs\AllOpeningRoomsZegoRequest ............ 1s DONE
  2023-08-31 11:38:56 Laravel\Telescope\Jobs\ProcessPendingUpdates ... RUNNING
  2023-08-31 11:38:56 Laravel\Telescope\Jobs\ProcessPendingUpdates  15.73ms DONE
  2023-08-31 11:57:34 App\Jobs\AllOpeningRoomsZegoRequest ............ RUNNING
  2023-08-31 11:57:35 App\Jobs\AllOpeningRoomsZegoRequest ............ 1s DONE
  2023-08-31 11:58:53 App\Jobs\AllOpeningRoomsZegoRequest ............ RUNNING
  2023-08-31 11:58:54 App\Jobs\AllOpeningRoomsZegoRequest ............ 1s DONE
  2023-08-31 12:45:23 App\Jobs\AllOpeningRoomsZegoRequest ............ RUNNING
  2023-08-31 12:45:24 App\Jobs\AllOpeningRoomsZegoRequest ............ 1s DONE
  2023-09-05 12:28:34 App\Jobs\AllOpeningRoomsZegoRequest ............ RUNNING
  2023-09-05 12:28:34 App\Jobs\AllOpeningRoomsZegoRequest ........ 9.06ms DONE
  2023-09-05 12:28:46 Laravel\Telescope\Jobs\ProcessPendingUpdates ... RUNNING
  2023-09-05 12:28:46 Laravel\Telescope\Jobs\ProcessPendingUpdates  5.39ms DONE
  2023-09-05 12:29:52 App\Jobs\AllOpeningRoomsZegoRequest ............ RUNNING
  2023-09-05 12:29:52 App\Jobs\AllOpeningRoomsZegoRequest ........ 9.03ms DONE
  2023-09-05 12:30:04 Laravel\Telescope\Jobs\ProcessPendingUpdates ... RUNNING
  2023-09-05 12:30:04 Laravel\Telescope\Jobs\ProcessPendingUpdates  7.42ms DONE
  2023-09-07 14:30:14 App\Jobs\AllOpeningRoomsZegoRequest ............ RUNNING
  2023-09-07 14:30:14 App\Jobs\AllOpeningRoomsZegoRequest ...... 788.78ms DONE
  2023-09-07 14:33:59 App\Jobs\AllOpeningRoomsZegoRequest ............ RUNNING
  2023-09-07 14:34:01 App\Jobs\AllOpeningRoomsZegoRequest ............ 1s DONE
  2023-09-07 14:39:58 App\Jobs\AllOpeningRoomsZegoRequest ............ RUNNING
  2023-09-07 14:39:58 App\Jobs\AllOpeningRoomsZegoRequest ...... 763.18ms DONE
  2023-09-07 14:40:32 App\Jobs\AllOpeningRoomsZegoRequest ............ RUNNING
  2023-09-07 14:40:32 App\Jobs\AllOpeningRoomsZegoRequest ...... 756.78ms DONE
  2023-09-10 11:12:05 App\Jobs\EnterRoomZigoRequest .................. RUNNING
  2023-09-10 11:12:07 App\Jobs\EnterRoomZigoRequest .................. 1s DONE
